Archive member included because of file (symbol)

c:/program files (x86)/atmel/atmel studio 6.0/extensions/atmel/avrgcc/3.4.1.95/avrtoolchain/bin/../lib/gcc/avr/4.6.2/avr5\libgcc.a(_udivmodqi4.o)
                              APP/RealTimeClock.o (__udivmodqi4)
c:/program files (x86)/atmel/atmel studio 6.0/extensions/atmel/avrgcc/3.4.1.95/avrtoolchain/bin/../lib/gcc/avr/4.6.2/avr5\libgcc.a(_exit.o)
                              c:/program files (x86)/atmel/atmel studio 6.0/extensions/atmel/avrgcc/3.4.1.95/avrtoolchain/bin/../lib/gcc/avr/4.6.2/../../../../avr/lib/avr5/crtm32.o (exit)
c:/program files (x86)/atmel/atmel studio 6.0/extensions/atmel/avrgcc/3.4.1.95/avrtoolchain/bin/../lib/gcc/avr/4.6.2/avr5\libgcc.a(_copy_data.o)
                              APP/RealTimeClock.o (__do_copy_data)
c:/program files (x86)/atmel/atmel studio 6.0/extensions/atmel/avrgcc/3.4.1.95/avrtoolchain/bin/../lib/gcc/avr/4.6.2/avr5\libgcc.a(_clear_bss.o)
                              APP/RealTimeClock.o (__do_clear_bss)

Allocating common symbols
Common symbol       size              file

first_digit         0x1               APP/RealTimeClock.o
second_digit        0x1               APP/RealTimeClock.o
value               0x1               APP/RealTimeClock.o

Memory Configuration

Name             Origin             Length             Attributes
text             0x00000000         0x00020000         xr
data             0x00800060         0x0000ffa0         rw !x
eeprom           0x00810000         0x00010000         rw !x
fuse             0x00820000         0x00000400         rw !x
lock             0x00830000         0x00000400         rw !x
signature        0x00840000         0x00000400         rw !x
*default*        0x00000000         0xffffffff

Linker script and memory map

LOAD c:/program files (x86)/atmel/atmel studio 6.0/extensions/atmel/avrgcc/3.4.1.95/avrtoolchain/bin/../lib/gcc/avr/4.6.2/../../../../avr/lib/avr5/crtm32.o
LOAD APP/RealTimeClock.o
LOAD HAL/KEYPAD/KEYPAD_prog.o
LOAD HAL/LCD/LCD_prog.o
LOAD HAL/SEVEN_SEGMANT/SEVEN_SEG_prog.o
LOAD MCAL/DIO/DIO_prog.o
LOAD MCAL/TIMER/TIMER_prog.o
START GROUP
LOAD c:/program files (x86)/atmel/atmel studio 6.0/extensions/atmel/avrgcc/3.4.1.95/avrtoolchain/bin/../lib/gcc/avr/4.6.2/../../../../avr/lib/avr5\libm.a
END GROUP
LOAD c:/program files (x86)/atmel/atmel studio 6.0/extensions/atmel/avrgcc/3.4.1.95/avrtoolchain/bin/../lib/gcc/avr/4.6.2/avr5\libgcc.a
LOAD c:/program files (x86)/atmel/atmel studio 6.0/extensions/atmel/avrgcc/3.4.1.95/avrtoolchain/bin/../lib/gcc/avr/4.6.2/../../../../avr/lib/avr5\libc.a
LOAD c:/program files (x86)/atmel/atmel studio 6.0/extensions/atmel/avrgcc/3.4.1.95/avrtoolchain/bin/../lib/gcc/avr/4.6.2/avr5\libgcc.a

.hash
 *(.hash)

.dynsym
 *(.dynsym)

.dynstr
 *(.dynstr)

.gnu.version
 *(.gnu.version)

.gnu.version_d
 *(.gnu.version_d)

.gnu.version_r
 *(.gnu.version_r)

.rel.init
 *(.rel.init)

.rela.init
 *(.rela.init)

.rel.text
 *(.rel.text)
 *(.rel.text.*)
 *(.rel.gnu.linkonce.t*)

.rela.text
 *(.rela.text)
 *(.rela.text.*)
 *(.rela.gnu.linkonce.t*)

.rel.fini
 *(.rel.fini)

.rela.fini
 *(.rela.fini)

.rel.rodata
 *(.rel.rodata)
 *(.rel.rodata.*)
 *(.rel.gnu.linkonce.r*)

.rela.rodata
 *(.rela.rodata)
 *(.rela.rodata.*)
 *(.rela.gnu.linkonce.r*)

.rel.data
 *(.rel.data)
 *(.rel.data.*)
 *(.rel.gnu.linkonce.d*)

.rela.data
 *(.rela.data)
 *(.rela.data.*)
 *(.rela.gnu.linkonce.d*)

.rel.ctors
 *(.rel.ctors)

.rela.ctors
 *(.rela.ctors)

.rel.dtors
 *(.rel.dtors)

.rela.dtors
 *(.rela.dtors)

.rel.got
 *(.rel.got)

.rela.got
 *(.rela.got)

.rel.bss
 *(.rel.bss)

.rela.bss
 *(.rela.bss)

.rel.plt
 *(.rel.plt)

.rela.plt
 *(.rela.plt)

.text           0x00000000      0xe96
 *(.vectors)
 .vectors       0x00000000       0x54 c:/program files (x86)/atmel/atmel studio 6.0/extensions/atmel/avrgcc/3.4.1.95/avrtoolchain/bin/../lib/gcc/avr/4.6.2/../../../../avr/lib/avr5/crtm32.o
                0x00000000                __vector_default
                0x00000000                __vectors
 *(.vectors)
 *(.progmem.gcc*)
 *(.progmem*)
                0x00000054                . = ALIGN (0x2)
                0x00000054                __trampolines_start = .
 *(.trampolines)
 .trampolines   0x00000054        0x0 linker stubs
 *(.trampolines*)
                0x00000054                __trampolines_end = .
 *(.jumptables)
 *(.jumptables*)
 *(.lowtext)
 *(.lowtext*)
                0x00000054                __ctors_start = .
 *(.ctors)
                0x00000054                __ctors_end = .
                0x00000054                __dtors_start = .
 *(.dtors)
                0x00000054                __dtors_end = .
 SORT(*)(.ctors)
 SORT(*)(.dtors)
 *(.init0)
 .init0         0x00000054        0x0 c:/program files (x86)/atmel/atmel studio 6.0/extensions/atmel/avrgcc/3.4.1.95/avrtoolchain/bin/../lib/gcc/avr/4.6.2/../../../../avr/lib/avr5/crtm32.o
                0x00000054                __init
 *(.init0)
 *(.init1)
 *(.init1)
 *(.init2)
 .init2         0x00000054        0xc c:/program files (x86)/atmel/atmel studio 6.0/extensions/atmel/avrgcc/3.4.1.95/avrtoolchain/bin/../lib/gcc/avr/4.6.2/../../../../avr/lib/avr5/crtm32.o
 *(.init2)
 *(.init3)
 *(.init3)
 *(.init4)
 .init4         0x00000060       0x16 c:/program files (x86)/atmel/atmel studio 6.0/extensions/atmel/avrgcc/3.4.1.95/avrtoolchain/bin/../lib/gcc/avr/4.6.2/avr5\libgcc.a(_copy_data.o)
                0x00000060                __do_copy_data
 .init4         0x00000076       0x10 c:/program files (x86)/atmel/atmel studio 6.0/extensions/atmel/avrgcc/3.4.1.95/avrtoolchain/bin/../lib/gcc/avr/4.6.2/avr5\libgcc.a(_clear_bss.o)
                0x00000076                __do_clear_bss
 *(.init4)
 *(.init5)
 *(.init5)
 *(.init6)
 *(.init6)
 *(.init7)
 *(.init7)
 *(.init8)
 *(.init8)
 *(.init9)
 .init9         0x00000086        0x8 c:/program files (x86)/atmel/atmel studio 6.0/extensions/atmel/avrgcc/3.4.1.95/avrtoolchain/bin/../lib/gcc/avr/4.6.2/../../../../avr/lib/avr5/crtm32.o
 *(.init9)
 *(.text)
 .text          0x0000008e        0x4 c:/program files (x86)/atmel/atmel studio 6.0/extensions/atmel/avrgcc/3.4.1.95/avrtoolchain/bin/../lib/gcc/avr/4.6.2/../../../../avr/lib/avr5/crtm32.o
                0x0000008e                __vector_1
                0x0000008e                __vector_12
                0x0000008e                __bad_interrupt
                0x0000008e                __vector_6
                0x0000008e                __vector_3
                0x0000008e                __vector_11
                0x0000008e                __vector_13
                0x0000008e                __vector_17
                0x0000008e                __vector_19
                0x0000008e                __vector_7
                0x0000008e                __vector_4
                0x0000008e                __vector_9
                0x0000008e                __vector_2
                0x0000008e                __vector_15
                0x0000008e                __vector_8
                0x0000008e                __vector_14
                0x0000008e                __vector_10
                0x0000008e                __vector_16
                0x0000008e                __vector_18
                0x0000008e                __vector_20
 .text          0x00000092      0x4d2 APP/RealTimeClock.o
                0x00000092                main
                0x00000542                __vector_5
 .text          0x00000564       0xa8 HAL/KEYPAD/KEYPAD_prog.o
                0x00000564                KEYPAD_vInit
                0x0000057e                KEYPAD_u8checkPress
 .text          0x0000060c      0x1c2 HAL/LCD/LCD_prog.o
                0x0000063a                LCD_vSendChar
                0x0000067e                LCD_vSendCmd
                0x000006c2                LCD_vClearScreen
                0x000006d6                LCD_vInit
                0x0000076e                LCD_vMoveCursor
                0x000007b0                LCD_vSendString
 .text          0x000007ce       0x4c HAL/SEVEN_SEGMANT/SEVEN_SEG_prog.o
                0x000007ce                SEVEN_SEG_vInit
                0x000007d6                SEVEN_SEG_vWrite
 .text          0x0000081a      0x5b2 MCAL/DIO/DIO_prog.o
                0x0000081a                DIO_vSetPortDirection
                0x0000081c                DIO_vSetPortValue
                0x0000083e                DIO_u8GetPortValue
                0x00000864                DIO_vSetPinDirection
                0x0000096e                DIO_vSetPinValue
                0x00000a78                DIO_u8GetPinValue
                0x00000ade                DIO_vTogglePin
                0x00000b58                DIO_vPullUpEnable
                0x00000c62                DIO_vSetLowNibblePullUpEnable
                0x00000c96                DIO_vSetHighNibblePullUpEnable
                0x00000cca                DIO_vSetLowNibbleValue
                0x00000d12                DIO_vSetHighNibbleValue
                0x00000d64                DIO_vSetLowNibbleDirection
                0x00000d98                DIO_vSetHighNibbleDirection
 .text          0x00000dcc       0xae MCAL/TIMER/TIMER_prog.o
                0x00000dcc                TIMER0_CTC_init_interrupt
                0x00000dec                TIMER0_wave_nonPWM
                0x00000e0c                TIMER0_wave_fastPWM
                0x00000e38                TIMER0_wave_phasecorrectPWM
                0x00000e5e                TIMER2_overflow_init_interrupt
 .text          0x00000e7a        0x0 c:/program files (x86)/atmel/atmel studio 6.0/extensions/atmel/avrgcc/3.4.1.95/avrtoolchain/bin/../lib/gcc/avr/4.6.2/avr5\libgcc.a(_udivmodqi4.o)
 .text          0x00000e7a        0x0 c:/program files (x86)/atmel/atmel studio 6.0/extensions/atmel/avrgcc/3.4.1.95/avrtoolchain/bin/../lib/gcc/avr/4.6.2/avr5\libgcc.a(_exit.o)
 .text          0x00000e7a        0x0 c:/program files (x86)/atmel/atmel studio 6.0/extensions/atmel/avrgcc/3.4.1.95/avrtoolchain/bin/../lib/gcc/avr/4.6.2/avr5\libgcc.a(_copy_data.o)
 .text          0x00000e7a        0x0 c:/program files (x86)/atmel/atmel studio 6.0/extensions/atmel/avrgcc/3.4.1.95/avrtoolchain/bin/../lib/gcc/avr/4.6.2/avr5\libgcc.a(_clear_bss.o)
                0x00000e7a                . = ALIGN (0x2)
 *(.text.*)
 .text.libgcc   0x00000e7a       0x18 c:/program files (x86)/atmel/atmel studio 6.0/extensions/atmel/avrgcc/3.4.1.95/avrtoolchain/bin/../lib/gcc/avr/4.6.2/avr5\libgcc.a(_udivmodqi4.o)
                0x00000e7a                __udivmodqi4
 .text.libgcc   0x00000e92        0x0 c:/program files (x86)/atmel/atmel studio 6.0/extensions/atmel/avrgcc/3.4.1.95/avrtoolchain/bin/../lib/gcc/avr/4.6.2/avr5\libgcc.a(_exit.o)
 .text.libgcc   0x00000e92        0x0 c:/program files (x86)/atmel/atmel studio 6.0/extensions/atmel/avrgcc/3.4.1.95/avrtoolchain/bin/../lib/gcc/avr/4.6.2/avr5\libgcc.a(_copy_data.o)
 .text.libgcc   0x00000e92        0x0 c:/program files (x86)/atmel/atmel studio 6.0/extensions/atmel/avrgcc/3.4.1.95/avrtoolchain/bin/../lib/gcc/avr/4.6.2/avr5\libgcc.a(_clear_bss.o)
                0x00000e92                . = ALIGN (0x2)
 *(.fini9)
 .fini9         0x00000e92        0x0 c:/program files (x86)/atmel/atmel studio 6.0/extensions/atmel/avrgcc/3.4.1.95/avrtoolchain/bin/../lib/gcc/avr/4.6.2/avr5\libgcc.a(_exit.o)
                0x00000e92                _exit
                0x00000e92                exit
 *(.fini9)
 *(.fini8)
 *(.fini8)
 *(.fini7)
 *(.fini7)
 *(.fini6)
 *(.fini6)
 *(.fini5)
 *(.fini5)
 *(.fini4)
 *(.fini4)
 *(.fini3)
 *(.fini3)
 *(.fini2)
 *(.fini2)
 *(.fini1)
 *(.fini1)
 *(.fini0)
 .fini0         0x00000e92        0x4 c:/program files (x86)/atmel/atmel studio 6.0/extensions/atmel/avrgcc/3.4.1.95/avrtoolchain/bin/../lib/gcc/avr/4.6.2/avr5\libgcc.a(_exit.o)
 *(.fini0)
                0x00000e96                _etext = .

.data           0x00800060       0x66 load address 0x00000e96
                0x00800060                PROVIDE (__data_start, .)
 *(.data)
 .data          0x00800060        0x0 c:/program files (x86)/atmel/atmel studio 6.0/extensions/atmel/avrgcc/3.4.1.95/avrtoolchain/bin/../lib/gcc/avr/4.6.2/../../../../avr/lib/avr5/crtm32.o
 .data          0x00800060       0x4c APP/RealTimeClock.o
 .data          0x008000ac       0x10 HAL/KEYPAD/KEYPAD_prog.o
 .data          0x008000bc        0x0 HAL/LCD/LCD_prog.o
 .data          0x008000bc        0xa HAL/SEVEN_SEGMANT/SEVEN_SEG_prog.o
 .data          0x008000c6        0x0 MCAL/DIO/DIO_prog.o
 .data          0x008000c6        0x0 MCAL/TIMER/TIMER_prog.o
 .data          0x008000c6        0x0 c:/program files (x86)/atmel/atmel studio 6.0/extensions/atmel/avrgcc/3.4.1.95/avrtoolchain/bin/../lib/gcc/avr/4.6.2/avr5\libgcc.a(_udivmodqi4.o)
 .data          0x008000c6        0x0 c:/program files (x86)/atmel/atmel studio 6.0/extensions/atmel/avrgcc/3.4.1.95/avrtoolchain/bin/../lib/gcc/avr/4.6.2/avr5\libgcc.a(_exit.o)
 .data          0x008000c6        0x0 c:/program files (x86)/atmel/atmel studio 6.0/extensions/atmel/avrgcc/3.4.1.95/avrtoolchain/bin/../lib/gcc/avr/4.6.2/avr5\libgcc.a(_copy_data.o)
 .data          0x008000c6        0x0 c:/program files (x86)/atmel/atmel studio 6.0/extensions/atmel/avrgcc/3.4.1.95/avrtoolchain/bin/../lib/gcc/avr/4.6.2/avr5\libgcc.a(_clear_bss.o)
 *(.data*)
 *(.rodata)
 *(.rodata*)
 *(.gnu.linkonce.d*)
                0x008000c6                . = ALIGN (0x2)
                0x008000c6                _edata = .
                0x008000c6                PROVIDE (__data_end, .)

.bss            0x008000c6        0x6
                0x008000c6                PROVIDE (__bss_start, .)
 *(.bss)
 .bss           0x008000c6        0x0 c:/program files (x86)/atmel/atmel studio 6.0/extensions/atmel/avrgcc/3.4.1.95/avrtoolchain/bin/../lib/gcc/avr/4.6.2/../../../../avr/lib/avr5/crtm32.o
 .bss           0x008000c6        0x3 APP/RealTimeClock.o
                0x008000c6                hours_counter
                0x008000c7                minutes_counter
                0x008000c8                seconds_counter
 .bss           0x008000c9        0x0 HAL/KEYPAD/KEYPAD_prog.o
 .bss           0x008000c9        0x0 HAL/LCD/LCD_prog.o
 .bss           0x008000c9        0x0 HAL/SEVEN_SEGMANT/SEVEN_SEG_prog.o
 .bss           0x008000c9        0x0 MCAL/DIO/DIO_prog.o
 .bss           0x008000c9        0x0 MCAL/TIMER/TIMER_prog.o
 .bss           0x008000c9        0x0 c:/program files (x86)/atmel/atmel studio 6.0/extensions/atmel/avrgcc/3.4.1.95/avrtoolchain/bin/../lib/gcc/avr/4.6.2/avr5\libgcc.a(_udivmodqi4.o)
 .bss           0x008000c9        0x0 c:/program files (x86)/atmel/atmel studio 6.0/extensions/atmel/avrgcc/3.4.1.95/avrtoolchain/bin/../lib/gcc/avr/4.6.2/avr5\libgcc.a(_exit.o)
 .bss           0x008000c9        0x0 c:/program files (x86)/atmel/atmel studio 6.0/extensions/atmel/avrgcc/3.4.1.95/avrtoolchain/bin/../lib/gcc/avr/4.6.2/avr5\libgcc.a(_copy_data.o)
 .bss           0x008000c9        0x0 c:/program files (x86)/atmel/atmel studio 6.0/extensions/atmel/avrgcc/3.4.1.95/avrtoolchain/bin/../lib/gcc/avr/4.6.2/avr5\libgcc.a(_clear_bss.o)
 *(.bss*)
 *(COMMON)
 COMMON         0x008000c9        0x3 APP/RealTimeClock.o
                0x008000c9                first_digit
                0x008000ca                second_digit
                0x008000cb                value
                0x008000cc                PROVIDE (__bss_end, .)
                0x00000e96                __data_load_start = LOADADDR (.data)
                0x00000efc                __data_load_end = (__data_load_start + SIZEOF (.data))

.noinit         0x008000cc        0x0
                0x008000cc                PROVIDE (__noinit_start, .)
 *(.noinit*)
                0x008000cc                PROVIDE (__noinit_end, .)
                0x008000cc                _end = .
                0x008000cc                PROVIDE (__heap_start, .)

.eeprom         0x00810000        0x0
 *(.eeprom*)
                0x00810000                __eeprom_end = .

.fuse
 *(.fuse)
 *(.lfuse)
 *(.hfuse)
 *(.efuse)

.lock
 *(.lock*)

.signature
 *(.signature*)

.stab           0x00000000      0x6cc
 *(.stab)
 .stab          0x00000000      0x6cc c:/program files (x86)/atmel/atmel studio 6.0/extensions/atmel/avrgcc/3.4.1.95/avrtoolchain/bin/../lib/gcc/avr/4.6.2/../../../../avr/lib/avr5/crtm32.o

.stabstr        0x00000000       0x85
 *(.stabstr)
 .stabstr       0x00000000       0x85 c:/program files (x86)/atmel/atmel studio 6.0/extensions/atmel/avrgcc/3.4.1.95/avrtoolchain/bin/../lib/gcc/avr/4.6.2/../../../../avr/lib/avr5/crtm32.o

.stab.excl
 *(.stab.excl)

.stab.exclstr
 *(.stab.exclstr)

.stab.index
 *(.stab.index)

.stab.indexstr
 *(.stab.indexstr)

.comment
 *(.comment)

.debug
 *(.debug)

.line
 *(.line)

.debug_srcinfo
 *(.debug_srcinfo)

.debug_sfnames
 *(.debug_sfnames)

.debug_aranges  0x00000000      0x140
 *(.debug_aranges)
 .debug_aranges
                0x00000000       0x20 APP/RealTimeClock.o
 .debug_aranges
                0x00000020       0x20 HAL/KEYPAD/KEYPAD_prog.o
 .debug_aranges
                0x00000040       0x20 HAL/LCD/LCD_prog.o
 .debug_aranges
                0x00000060       0x20 HAL/SEVEN_SEGMANT/SEVEN_SEG_prog.o
 .debug_aranges
                0x00000080       0x20 MCAL/DIO/DIO_prog.o
 .debug_aranges
                0x000000a0       0x20 MCAL/TIMER/TIMER_prog.o
 .debug_aranges
                0x000000c0       0x20 c:/program files (x86)/atmel/atmel studio 6.0/extensions/atmel/avrgcc/3.4.1.95/avrtoolchain/bin/../lib/gcc/avr/4.6.2/avr5\libgcc.a(_udivmodqi4.o)
 .debug_aranges
                0x000000e0       0x20 c:/program files (x86)/atmel/atmel studio 6.0/extensions/atmel/avrgcc/3.4.1.95/avrtoolchain/bin/../lib/gcc/avr/4.6.2/avr5\libgcc.a(_exit.o)
 .debug_aranges
                0x00000100       0x20 c:/program files (x86)/atmel/atmel studio 6.0/extensions/atmel/avrgcc/3.4.1.95/avrtoolchain/bin/../lib/gcc/avr/4.6.2/avr5\libgcc.a(_copy_data.o)
 .debug_aranges
                0x00000120       0x20 c:/program files (x86)/atmel/atmel studio 6.0/extensions/atmel/avrgcc/3.4.1.95/avrtoolchain/bin/../lib/gcc/avr/4.6.2/avr5\libgcc.a(_clear_bss.o)

.debug_pubnames
 *(.debug_pubnames)

.debug_info     0x00000000     0x1423
 *(.debug_info)
 .debug_info    0x00000000      0x536 APP/RealTimeClock.o
 .debug_info    0x00000536      0x102 HAL/KEYPAD/KEYPAD_prog.o
 .debug_info    0x00000638      0x4ca HAL/LCD/LCD_prog.o
 .debug_info    0x00000b02       0xee HAL/SEVEN_SEGMANT/SEVEN_SEG_prog.o
 .debug_info    0x00000bf0      0x3d1 MCAL/DIO/DIO_prog.o
 .debug_info    0x00000fc1       0xee MCAL/TIMER/TIMER_prog.o
 .debug_info    0x000010af       0xdd c:/program files (x86)/atmel/atmel studio 6.0/extensions/atmel/avrgcc/3.4.1.95/avrtoolchain/bin/../lib/gcc/avr/4.6.2/avr5\libgcc.a(_udivmodqi4.o)
 .debug_info    0x0000118c       0xdd c:/program files (x86)/atmel/atmel studio 6.0/extensions/atmel/avrgcc/3.4.1.95/avrtoolchain/bin/../lib/gcc/avr/4.6.2/avr5\libgcc.a(_exit.o)
 .debug_info    0x00001269       0xdd c:/program files (x86)/atmel/atmel studio 6.0/extensions/atmel/avrgcc/3.4.1.95/avrtoolchain/bin/../lib/gcc/avr/4.6.2/avr5\libgcc.a(_copy_data.o)
 .debug_info    0x00001346       0xdd c:/program files (x86)/atmel/atmel studio 6.0/extensions/atmel/avrgcc/3.4.1.95/avrtoolchain/bin/../lib/gcc/avr/4.6.2/avr5\libgcc.a(_clear_bss.o)
 *(.gnu.linkonce.wi.*)

.debug_abbrev   0x00000000      0x514
 *(.debug_abbrev)
 .debug_abbrev  0x00000000      0x13b APP/RealTimeClock.o
 .debug_abbrev  0x0000013b       0x99 HAL/KEYPAD/KEYPAD_prog.o
 .debug_abbrev  0x000001d4      0x15a HAL/LCD/LCD_prog.o
 .debug_abbrev  0x0000032e       0x8a HAL/SEVEN_SEGMANT/SEVEN_SEG_prog.o
 .debug_abbrev  0x000003b8       0xc0 MCAL/DIO/DIO_prog.o
 .debug_abbrev  0x00000478       0x4c MCAL/TIMER/TIMER_prog.o
 .debug_abbrev  0x000004c4       0x14 c:/program files (x86)/atmel/atmel studio 6.0/extensions/atmel/avrgcc/3.4.1.95/avrtoolchain/bin/../lib/gcc/avr/4.6.2/avr5\libgcc.a(_udivmodqi4.o)
 .debug_abbrev  0x000004d8       0x14 c:/program files (x86)/atmel/atmel studio 6.0/extensions/atmel/avrgcc/3.4.1.95/avrtoolchain/bin/../lib/gcc/avr/4.6.2/avr5\libgcc.a(_exit.o)
 .debug_abbrev  0x000004ec       0x14 c:/program files (x86)/atmel/atmel studio 6.0/extensions/atmel/avrgcc/3.4.1.95/avrtoolchain/bin/../lib/gcc/avr/4.6.2/avr5\libgcc.a(_copy_data.o)
 .debug_abbrev  0x00000500       0x14 c:/program files (x86)/atmel/atmel studio 6.0/extensions/atmel/avrgcc/3.4.1.95/avrtoolchain/bin/../lib/gcc/avr/4.6.2/avr5\libgcc.a(_clear_bss.o)

.debug_line     0x00000000      0xa9a
 *(.debug_line)
 .debug_line    0x00000000      0x2e5 APP/RealTimeClock.o
 .debug_line    0x000002e5       0x97 HAL/KEYPAD/KEYPAD_prog.o
 .debug_line    0x0000037c      0x268 HAL/LCD/LCD_prog.o
 .debug_line    0x000005e4       0x9a HAL/SEVEN_SEGMANT/SEVEN_SEG_prog.o
 .debug_line    0x0000067e       0xda MCAL/DIO/DIO_prog.o
 .debug_line    0x00000758      0x109 MCAL/TIMER/TIMER_prog.o
 .debug_line    0x00000861       0x92 c:/program files (x86)/atmel/atmel studio 6.0/extensions/atmel/avrgcc/3.4.1.95/avrtoolchain/bin/../lib/gcc/avr/4.6.2/avr5\libgcc.a(_udivmodqi4.o)
 .debug_line    0x000008f3       0x88 c:/program files (x86)/atmel/atmel studio 6.0/extensions/atmel/avrgcc/3.4.1.95/avrtoolchain/bin/../lib/gcc/avr/4.6.2/avr5\libgcc.a(_exit.o)
 .debug_line    0x0000097b       0x91 c:/program files (x86)/atmel/atmel studio 6.0/extensions/atmel/avrgcc/3.4.1.95/avrtoolchain/bin/../lib/gcc/avr/4.6.2/avr5\libgcc.a(_copy_data.o)
 .debug_line    0x00000a0c       0x8e c:/program files (x86)/atmel/atmel studio 6.0/extensions/atmel/avrgcc/3.4.1.95/avrtoolchain/bin/../lib/gcc/avr/4.6.2/avr5\libgcc.a(_clear_bss.o)

.debug_frame    0x00000000      0x314
 *(.debug_frame)
 .debug_frame   0x00000000       0x44 APP/RealTimeClock.o
 .debug_frame   0x00000044       0x4c HAL/KEYPAD/KEYPAD_prog.o
 .debug_frame   0x00000090       0xa0 HAL/LCD/LCD_prog.o
 .debug_frame   0x00000130       0x44 HAL/SEVEN_SEGMANT/SEVEN_SEG_prog.o
 .debug_frame   0x00000174      0x13c MCAL/DIO/DIO_prog.o
 .debug_frame   0x000002b0       0x64 MCAL/TIMER/TIMER_prog.o

.debug_str      0x00000000      0x568
 *(.debug_str)
 .debug_str     0x00000000      0x17a APP/RealTimeClock.o
                                0x1ae (size before relaxing)
 .debug_str     0x0000017a       0x52 HAL/KEYPAD/KEYPAD_prog.o
                                0x112 (size before relaxing)
 .debug_str     0x000001cc       0xbe HAL/LCD/LCD_prog.o
                                0x1fd (size before relaxing)
 .debug_str     0x0000028a       0x6a HAL/SEVEN_SEGMANT/SEVEN_SEG_prog.o
                                0x12a (size before relaxing)
 .debug_str     0x000002f4      0x1d5 MCAL/DIO/DIO_prog.o
                                0x2bf (size before relaxing)
 .debug_str     0x000004c9       0x9f MCAL/TIMER/TIMER_prog.o
                                0x184 (size before relaxing)

.debug_loc      0x00000000      0xcf3
 *(.debug_loc)
 .debug_loc     0x00000000      0x27c APP/RealTimeClock.o
 .debug_loc     0x0000027c      0x10e HAL/KEYPAD/KEYPAD_prog.o
 .debug_loc     0x0000038a      0x133 HAL/LCD/LCD_prog.o
 .debug_loc     0x000004bd       0x74 HAL/SEVEN_SEGMANT/SEVEN_SEG_prog.o
 .debug_loc     0x00000531      0x7c2 MCAL/DIO/DIO_prog.o

.debug_macinfo
 *(.debug_macinfo)
OUTPUT(Real Time Clock.elf elf32-avr)
LOAD linker stubs
